# make: Entering directory '/home/five35/working/node-gyp-repro/deps/external_lib'
echo MAKEFLAGS w/o w: pw
MAKEFLAGS w/o w: pw
export MAKEFLAGS=-w && make --directory=/home/five35/working/node-gyp-repro/deps/external_lib --file=../external_lib.mk dummy_for_database_reading
make[1]: Entering directory '/home/five35/working/node-gyp-repro/deps/external_lib'
make[1]: Nothing to be done for 'dummy_for_database_reading'.
make[1]: Leaving directory '/home/five35/working/node-gyp-repro/deps/external_lib'
# GNU Make 4.3
# Built for x86_64-pc-linux-gnu
# Copyright (C) 1988-2020 Free Software Foundation, Inc.
# License GPLv3+: GNU GPL version 3 or later <http://gnu.org/licenses/gpl.html>
# This is free software: you are free to change and redistribute it.
# There is NO WARRANTY, to the extent permitted by law.

# Make data base, printed on Mon Sep 12 19:12:38 2022

# Variables

# default
PREPROCESS.S = $(CC) -E $(CPPFLAGS)
# environment
JAVA_HOME = /usr/lib/jvm/java-17-openjdk-amd64
# default
COMPILE.m = $(OBJC) $(OBJCFLAGS) $(CPPFLAGS) $(TARGET_ARCH) -c
# default
ARFLAGS = rv
# default
AS = as
# default
AR = ar
# default
OBJC = cc
# environment
WSLENV = ELECTRON_RUN_AS_NODE/w:WT_SESSION::WT_PROFILE_ID
# environment
GPG_TTY = /dev/pts/19
# default
LINK.S = $(CC) $(ASFLAGS) $(CPPFLAGS) $(LDFLAGS) $(TARGET_MACH)
# default
LINK.s = $(CC) $(ASFLAGS) $(LDFLAGS) $(TARGET_MACH)
# environment
NVM_DIR = /home/five35/.nvm
# default
MAKE_COMMAND := make
# environment
VSCODE_GIT_ASKPASS_EXTRA_ARGS = 
# automatic
@D = $(patsubst %/,%,$(dir $@))
# default
COFLAGS = 
# default
COMPILE.mod = $(M2C) $(M2FLAGS) $(MODFLAGS) $(TARGET_ARCH)
# default
.VARIABLES := 
# environment
PWD = /home/five35/working/node-gyp-repro
# automatic
%D = $(patsubst %/,%,$(dir $%))
# environment
XDG_DATA_DIRS = /usr/local/share:/usr/share:/var/lib/snapd/desktop
# default
LINK.o = $(CC) $(LDFLAGS) $(TARGET_ARCH)
# default
TEXI2DVI = texi2dvi
# automatic
^D = $(patsubst %/,%,$(dir $^))
# automatic
%F = $(notdir $%)
# environment
NVM_INC = /home/five35/.nvm/versions/node/v16.17.0/include/node
# default
LEX.l = $(LEX) $(LFLAGS) -t
# environment
LANG = C.UTF-8
# default
.LOADED := 
# default
.INCLUDE_DIRS = /usr/local/include /usr/include /usr/include
# default
COMPILE.c = $(CC) $(CFLAGS) $(CPPFLAGS) $(TARGET_ARCH) -c
# makefile
MAKEFLAGS = pw
# default
LINK.f = $(FC) $(FFLAGS) $(LDFLAGS) $(TARGET_ARCH)
# default
TANGLE = tangle
# makefile
CURDIR := /home/five35/working/node-gyp-repro/deps/external_lib
# default
PREPROCESS.F = $(FC) $(FFLAGS) $(CPPFLAGS) $(TARGET_ARCH) -F
# environment
LESSOPEN = | /usr/bin/lesspipe %s
# automatic
*D = $(patsubst %/,%,$(dir $*))
# environment
MFLAGS = -pw
# environment
SSH_AUTH_SOCK = /tmp/ssh-XXXXXXFFNQ5j/agent.321
# default
.SHELLFLAGS := -c
# default
M2C = m2c
# default
COMPILE.p = $(PC) $(PFLAGS) $(CPPFLAGS) $(TARGET_ARCH) -c
# environment
NVM_BIN = /home/five35/.nvm/versions/node/v16.17.0/bin
# default
COMPILE.cpp = $(COMPILE.cc)
# default
TEX = tex
# automatic
+D = $(patsubst %/,%,$(dir $+))
# environment
GIT_ASKPASS = /home/five35/.vscode-server/bin/784b0177c56c607789f9638da7b6bf3230d47a8c/extensions/git/dist/askpass.sh
# makefile (from '../external_lib.mk', line 1)
MAKEFILE_LIST := ../external_lib.mk
# default
F77FLAGS = $(FFLAGS)
# automatic
@F = $(notdir $@)
# automatic
?D = $(patsubst %/,%,$(dir $?))
# default
COMPILE.def = $(M2C) $(M2FLAGS) $(DEFFLAGS) $(TARGET_ARCH)
# default
CTANGLE = ctangle
# environment
WT_PROFILE_ID = {2c4de342-38b7-51cf-b940-2309a097f518}
# automatic
*F = $(notdir $*)
# automatic
<D = $(patsubst %/,%,$(dir $<))
# default
COMPILE.C = $(COMPILE.cc)
# default
YACC.m = $(YACC) $(YFLAGS)
# default
LINK.C = $(LINK.cc)
# default
MAKE_HOST := x86_64-pc-linux-gnu
# default
LINK.c = $(CC) $(CFLAGS) $(CPPFLAGS) $(LDFLAGS) $(TARGET_ARCH)
# makefile
SHELL = /bin/sh
# default
MAKECMDGOALS := dummy_for_database_reading
# default
LINK.F = $(FC) $(FFLAGS) $(CPPFLAGS) $(LDFLAGS) $(TARGET_ARCH)
# environment
SHLVL = 2
# environment
GCC_COLORS = error=01;31:warning=01;35:note=01;36:caret=01;32:locus=01:quote=01
# environment
MAKELEVEL := 0
# default
MAKE = $(MAKE_COMMAND)
# default
FC = f77
# environment
PATH = /home/five35/.nvm/versions/node/v16.17.0/lib/node_modules/npm/bin/node-gyp-bin:/home/five35/.vscode-server/bin/784b0177c56c607789f9638da7b6bf3230d47a8c/bin/remote-cli:/mnt/c/Users/535/AppData/Local/Programs/Microsoft VS Code/bin:/home/five35/.nvm/versions/node/v16.17.0/bin:/home/five35/.local/bin:/usr/local/sbin:/usr/local/bin:/usr/sbin:/usr/bin:/sbin:/bin:/usr/games:/usr/local/games:/usr/lib/wsl/lib:/snap/bin
# default
LINT = lint
# default
PC = pc
# default
MAKEFILES := 
# environment
VSCODE_GIT_IPC_HANDLE = /tmp/vscode-git-a9c9229873.sock
# environment
VSCODE_GIT_ASKPASS_NODE = /home/five35/.vscode-server/bin/784b0177c56c607789f9638da7b6bf3230d47a8c/node
# automatic
^F = $(notdir $^)
# default
LEX.m = $(LEX) $(LFLAGS) -t
# environment
VSCODE_GIT_ASKPASS_MAIN = /home/five35/.vscode-server/bin/784b0177c56c607789f9638da7b6bf3230d47a8c/extensions/git/dist/askpass-main.js
# default
.LIBPATTERNS = lib%.so lib%.a
# environment
WT_SESSION = 4f0001f6-5686-4d91-90cb-afdfc379cd1e
# default
CPP = $(CC) -E
# default
LINK.cc = $(CXX) $(CXXFLAGS) $(CPPFLAGS) $(LDFLAGS) $(TARGET_ARCH)
# environment
TERM_PROGRAM = vscode
# default
CHECKOUT,v = +$(if $(wildcard $@),,$(CO) $(COFLAGS) $< $@)
# default
COMPILE.f = $(FC) $(FFLAGS) $(TARGET_ARCH) -c
# default
COMPILE.r = $(FC) $(FFLAGS) $(RFLAGS) $(TARGET_ARCH) -c
# environment
DROPBOX = /mnt/c/Users/535/Dropbox
# environment
LESSCLOSE = /usr/bin/lesspipe %s %s
# default
COMPILE.S = $(CC) $(ASFLAGS) $(CPPFLAGS) $(TARGET_MACH) -c
# automatic
?F = $(notdir $?)
# default
GET = get
# environment
NAME = Code
# default
LINK.r = $(FC) $(FFLAGS) $(RFLAGS) $(LDFLAGS) $(TARGET_ARCH)
# environment
HOSTTYPE = x86_64
# environment
LS_COLORS = rs=0:di=01;34:ln=01;36:mh=00:pi=40;33:so=01;35:do=01;35:bd=40;33;01:cd=40;33;01:or=40;31;01:mi=00:su=37;41:sg=30;43:ca=30;41:tw=30;42:ow=34;42:st=37;44:ex=01;32:*.tar=01;31:*.tgz=01;31:*.arc=01;31:*.arj=01;31:*.taz=01;31:*.lha=01;31:*.lz4=01;31:*.lzh=01;31:*.lzma=01;31:*.tlz=01;31:*.txz=01;31:*.tzo=01;31:*.t7z=01;31:*.zip=01;31:*.z=01;31:*.dz=01;31:*.gz=01;31:*.lrz=01;31:*.lz=01;31:*.lzo=01;31:*.xz=01;31:*.zst=01;31:*.tzst=01;31:*.bz2=01;31:*.bz=01;31:*.tbz=01;31:*.tbz2=01;31:*.tz=01;31:*.deb=01;31:*.rpm=01;31:*.jar=01;31:*.war=01;31:*.ear=01;31:*.sar=01;31:*.rar=01;31:*.alz=01;31:*.ace=01;31:*.zoo=01;31:*.cpio=01;31:*.7z=01;31:*.rz=01;31:*.cab=01;31:*.wim=01;31:*.swm=01;31:*.dwm=01;31:*.esd=01;31:*.jpg=01;35:*.jpeg=01;35:*.mjpg=01;35:*.mjpeg=01;35:*.gif=01;35:*.bmp=01;35:*.pbm=01;35:*.pgm=01;35:*.ppm=01;35:*.tga=01;35:*.xbm=01;35:*.xpm=01;35:*.tif=01;35:*.tiff=01;35:*.png=01;35:*.svg=01;35:*.svgz=01;35:*.mng=01;35:*.pcx=01;35:*.mov=01;35:*.mpg=01;35:*.mpeg=01;35:*.m2v=01;35:*.mkv=01;35:*.webm=01;35:*.webp=01;35:*.ogm=01;35:*.mp4=01;35:*.m4v=01;35:*.mp4v=01;35:*.vob=01;35:*.qt=01;35:*.nuv=01;35:*.wmv=01;35:*.asf=01;35:*.rm=01;35:*.rmvb=01;35:*.flc=01;35:*.avi=01;35:*.fli=01;35:*.flv=01;35:*.gl=01;35:*.dl=01;35:*.xcf=01;35:*.xwd=01;35:*.yuv=01;35:*.cgm=01;35:*.emf=01;35:*.ogv=01;35:*.ogx=01;35:*.aac=00;36:*.au=00;36:*.flac=00;36:*.m4a=00;36:*.mid=00;36:*.midi=00;36:*.mka=00;36:*.mp3=00;36:*.mpc=00;36:*.ogg=00;36:*.ra=00;36:*.wav=00;36:*.oga=00;36:*.opus=00;36:*.spx=00;36:*.xspf=00;36:
# automatic
+F = $(notdir $+)
# environment
LESS = --search-skip-screen
# environment
WSL_INTEROP = /run/WSL/2297_interop
# default
MAKEINFO = makeinfo
# 'override' directive
GNUMAKEFLAGS := 
# default
PREPROCESS.r = $(FC) $(FFLAGS) $(RFLAGS) $(TARGET_ARCH) -F
# default
LINK.m = $(OBJC) $(OBJCFLAGS) $(CPPFLAGS) $(LDFLAGS) $(TARGET_ARCH)
# environment
LOGNAME = five35
# default
LINK.p = $(PC) $(PFLAGS) $(CPPFLAGS) $(LDFLAGS) $(TARGET_ARCH)
# default
YACC = yacc
# makefile
.DEFAULT_GOAL := all
# default
RM = rm -f
# default
WEAVE = weave
# environment
DISPLAY = 172.31.240.1:0
# environment
USER = five35
# default
MAKE_VERSION := 4.3
# default
F77 = $(FC)
# default
CWEAVE = cweave
# environment
SSH_AGENT_PID = 327
# environment
_ = /usr/bin/make
# default
YACC.y = $(YACC) $(YFLAGS)
# default
LINK.cpp = $(LINK.cc)
# default
CO = co
# environment
GPG_AGENT_INFO = /home/five35/.gnupg/S.gpg-agent:294:1
# environment
COLORTERM = truecolor
# default
OUTPUT_OPTION = -o $@
# default
COMPILE.s = $(AS) $(ASFLAGS) $(TARGET_MACH)
# environment
VSCODE_IPC_HOOK_CLI = /tmp/vscode-ipc-47603017-1163-47d7-ba32-301f3f884232.sock
# environment
NVM_CD_FLAGS = 
# default
MAKE_TERMERR := /dev/pts/19
# environment
HOME = /home/five35
# default
LEX = lex
# environment
TERM = xterm-256color
# default
LINT.c = $(LINT) $(LINTFLAGS) $(CPPFLAGS) $(TARGET_ARCH)
# default
COMPILE.F = $(FC) $(FFLAGS) $(CPPFLAGS) $(TARGET_ARCH) -c
# default
.RECIPEPREFIX := 
# automatic
<F = $(notdir $<)
# default
SUFFIXES := .out .a .ln .o .c .cc .C .cpp .p .f .F .m .r .y .l .ym .yl .s .S .mod .sym .def .h .info .dvi .tex .texinfo .texi .txinfo .w .ch .web .sh .elc .el
# default
LD = ld
# environment
WSL_DISTRO_NAME = Ubuntu
# default
.FEATURES := target-specific order-only second-expansion else-if shortest-stem undefine oneshell nocomment grouped-target extra-prereqs archives jobserver output-sync check-symlink load
# default
CXX = g++
# default
CC = cc
# environment
TERM_PROGRAM_VERSION = 1.71.0
# default
COMPILE.cc = $(CXX) $(CXXFLAGS) $(CPPFLAGS) $(TARGET_ARCH) -c
# variable set hash-table stats:
# Load=141/1024=14%, Rehash=0, Collisions=11/185=6%

# Pattern-specific Variable Values

# No pattern-specific variable values.

# Directories

# RCS: could not be stat'd.
# SCCS: could not be stat'd.
# .. (device 2064, inode 135115): 6 files, 19 impossibilities.
# . (device 2064, inode 135118): 5 files, 19 impossibilities.
# ../SCCS: could not be stat'd.
# ../RCS: could not be stat'd.

# 11 files, 38 impossibilities in 6 directories.

# Implicit Rules

%.out:

%.a:

%.ln:

%.o:

%: %.o
#  recipe to execute (built-in):
	$(LINK.o) $^ $(LOADLIBES) $(LDLIBS) -o $@

%.c:

%: %.c
#  recipe to execute (built-in):
	$(LINK.c) $^ $(LOADLIBES) $(LDLIBS) -o $@

%.ln: %.c
#  recipe to execute (built-in):
	$(LINT.c) -C$* $<

%.o: %.c
#  recipe to execute (built-in):
	$(COMPILE.c) $(OUTPUT_OPTION) $<

%.cc:

%: %.cc
#  recipe to execute (built-in):
	$(LINK.cc) $^ $(LOADLIBES) $(LDLIBS) -o $@

%.o: %.cc
#  recipe to execute (built-in):
	$(COMPILE.cc) $(OUTPUT_OPTION) $<

%.C:

%: %.C
#  recipe to execute (built-in):
	$(LINK.C) $^ $(LOADLIBES) $(LDLIBS) -o $@

%.o: %.C
#  recipe to execute (built-in):
	$(COMPILE.C) $(OUTPUT_OPTION) $<

%.cpp:

%: %.cpp
#  recipe to execute (built-in):
	$(LINK.cpp) $^ $(LOADLIBES) $(LDLIBS) -o $@

%.o: %.cpp
#  recipe to execute (built-in):
	$(COMPILE.cpp) $(OUTPUT_OPTION) $<

%.p:

%: %.p
#  recipe to execute (built-in):
	$(LINK.p) $^ $(LOADLIBES) $(LDLIBS) -o $@

%.o: %.p
#  recipe to execute (built-in):
	$(COMPILE.p) $(OUTPUT_OPTION) $<

%.f:

%: %.f
#  recipe to execute (built-in):
	$(LINK.f) $^ $(LOADLIBES) $(LDLIBS) -o $@

%.o: %.f
#  recipe to execute (built-in):
	$(COMPILE.f) $(OUTPUT_OPTION) $<

%.F:

%: %.F
#  recipe to execute (built-in):
	$(LINK.F) $^ $(LOADLIBES) $(LDLIBS) -o $@

%.o: %.F
#  recipe to execute (built-in):
	$(COMPILE.F) $(OUTPUT_OPTION) $<

%.f: %.F
#  recipe to execute (built-in):
	$(PREPROCESS.F) $(OUTPUT_OPTION) $<

%.m:

%: %.m
#  recipe to execute (built-in):
	$(LINK.m) $^ $(LOADLIBES) $(LDLIBS) -o $@

%.o: %.m
#  recipe to execute (built-in):
	$(COMPILE.m) $(OUTPUT_OPTION) $<

%.r:

%: %.r
#  recipe to execute (built-in):
	$(LINK.r) $^ $(LOADLIBES) $(LDLIBS) -o $@

%.o: %.r
#  recipe to execute (built-in):
	$(COMPILE.r) $(OUTPUT_OPTION) $<

%.f: %.r
#  recipe to execute (built-in):
	$(PREPROCESS.r) $(OUTPUT_OPTION) $<

%.y:

%.ln: %.y
#  recipe to execute (built-in):
	$(YACC.y) $< 
	 $(LINT.c) -C$* y.tab.c 
	 $(RM) y.tab.c

%.c: %.y
#  recipe to execute (built-in):
	$(YACC.y) $< 
	 mv -f y.tab.c $@

%.l:

%.ln: %.l
#  recipe to execute (built-in):
	@$(RM) $*.c
	 $(LEX.l) $< > $*.c
	$(LINT.c) -i $*.c -o $@
	 $(RM) $*.c

%.c: %.l
#  recipe to execute (built-in):
	@$(RM) $@ 
	 $(LEX.l) $< > $@

%.r: %.l
#  recipe to execute (built-in):
	$(LEX.l) $< > $@ 
	 mv -f lex.yy.r $@

%.ym:

%.m: %.ym
#  recipe to execute (built-in):
	$(YACC.m) $< 
	 mv -f y.tab.c $@

%.yl:

%.s:

%: %.s
#  recipe to execute (built-in):
	$(LINK.s) $^ $(LOADLIBES) $(LDLIBS) -o $@

%.o: %.s
#  recipe to execute (built-in):
	$(COMPILE.s) -o $@ $<

%.S:

%: %.S
#  recipe to execute (built-in):
	$(LINK.S) $^ $(LOADLIBES) $(LDLIBS) -o $@

%.o: %.S
#  recipe to execute (built-in):
	$(COMPILE.S) -o $@ $<

%.s: %.S
#  recipe to execute (built-in):
	$(PREPROCESS.S) $< > $@

%.mod:

%: %.mod
#  recipe to execute (built-in):
	$(COMPILE.mod) -o $@ -e $@ $^

%.o: %.mod
#  recipe to execute (built-in):
	$(COMPILE.mod) -o $@ $<

%.sym:

%.def:

%.sym: %.def
#  recipe to execute (built-in):
	$(COMPILE.def) -o $@ $<

%.h:

%.info:

%.dvi:

%.tex:

%.dvi: %.tex
#  recipe to execute (built-in):
	$(TEX) $<

%.texinfo:

%.info: %.texinfo
#  recipe to execute (built-in):
	$(MAKEINFO) $(MAKEINFO_FLAGS) $< -o $@

%.dvi: %.texinfo
#  recipe to execute (built-in):
	$(TEXI2DVI) $(TEXI2DVI_FLAGS) $<

%.texi:

%.info: %.texi
#  recipe to execute (built-in):
	$(MAKEINFO) $(MAKEINFO_FLAGS) $< -o $@

%.dvi: %.texi
#  recipe to execute (built-in):
	$(TEXI2DVI) $(TEXI2DVI_FLAGS) $<

%.txinfo:

%.info: %.txinfo
#  recipe to execute (built-in):
	$(MAKEINFO) $(MAKEINFO_FLAGS) $< -o $@

%.dvi: %.txinfo
#  recipe to execute (built-in):
	$(TEXI2DVI) $(TEXI2DVI_FLAGS) $<

%.w:

%.c: %.w
#  recipe to execute (built-in):
	$(CTANGLE) $< - $@

%.tex: %.w
#  recipe to execute (built-in):
	$(CWEAVE) $< - $@

%.ch:

%.web:

%.p: %.web
#  recipe to execute (built-in):
	$(TANGLE) $<

%.tex: %.web
#  recipe to execute (built-in):
	$(WEAVE) $<

%.sh:

%: %.sh
#  recipe to execute (built-in):
	cat $< >$@ 
	 chmod a+x $@

%.elc:

%.el:

(%): %
#  recipe to execute (built-in):
	$(AR) $(ARFLAGS) $@ $<

%.out: %
#  recipe to execute (built-in):
	@rm -f $@ 
	 cp $< $@

%.c: %.w %.ch
#  recipe to execute (built-in):
	$(CTANGLE) $^ $@

%.tex: %.w %.ch
#  recipe to execute (built-in):
	$(CWEAVE) $^ $@

%:: %,v
#  recipe to execute (built-in):
	$(CHECKOUT,v)

%:: RCS/%,v
#  recipe to execute (built-in):
	$(CHECKOUT,v)

%:: RCS/%
#  recipe to execute (built-in):
	$(CHECKOUT,v)

%:: s.%
#  recipe to execute (built-in):
	$(GET) $(GFLAGS) $(SCCS_OUTPUT_OPTION) $<

%:: SCCS/s.%
#  recipe to execute (built-in):
	$(GET) $(GFLAGS) $(SCCS_OUTPUT_OPTION) $<

# 92 implicit rules, 5 (5.4%) terminal.
# Files

# Not a target:
.cpp:
#  Builtin rule
#  Implicit rule search has not been done.
#  Modification time never checked.
#  File has not been updated.
#  recipe to execute (built-in):
	$(LINK.cpp) $^ $(LOADLIBES) $(LDLIBS) -o $@

# Not a target:
.c.o:
#  Builtin rule
#  Implicit rule search has not been done.
#  Modification time never checked.
#  File has not been updated.
#  recipe to execute (built-in):
	$(COMPILE.c) $(OUTPUT_OPTION) $<

# Not a target:
.h:
#  Builtin rule
#  Implicit rule search has not been done.
#  Modification time never checked.
#  File has not been updated.

# Not a target:
.sh:
#  Builtin rule
#  Implicit rule search has not been done.
#  Modification time never checked.
#  File has not been updated.
#  recipe to execute (built-in):
	cat $< >$@ 
	 chmod a+x $@

# Not a target:
.ch:
#  Builtin rule
#  Implicit rule search has not been done.
#  Modification time never checked.
#  File has not been updated.

# Not a target:
.r.f:
#  Builtin rule
#  Implicit rule search has not been done.
#  Modification time never checked.
#  File has not been updated.
#  recipe to execute (built-in):
	$(PREPROCESS.r) $(OUTPUT_OPTION) $<

# Not a target:
.dvi:
#  Builtin rule
#  Implicit rule search has not been done.
#  Modification time never checked.
#  File has not been updated.

# Not a target:
.def.sym:
#  Builtin rule
#  Implicit rule search has not been done.
#  Modification time never checked.
#  File has not been updated.
#  recipe to execute (built-in):
	$(COMPILE.def) -o $@ $<

# Not a target:
.m.o:
#  Builtin rule
#  Implicit rule search has not been done.
#  Modification time never checked.
#  File has not been updated.
#  recipe to execute (built-in):
	$(COMPILE.m) $(OUTPUT_OPTION) $<

# Not a target:
.lm.m:
#  Builtin rule
#  Implicit rule search has not been done.
#  Modification time never checked.
#  File has not been updated.
#  recipe to execute (built-in):
	@$(RM) $@ 
	 $(LEX.m) $< > $@

# Not a target:
.p.o:
#  Builtin rule
#  Implicit rule search has not been done.
#  Modification time never checked.
#  File has not been updated.
#  recipe to execute (built-in):
	$(COMPILE.p) $(OUTPUT_OPTION) $<

# Not a target:
.texinfo:
#  Builtin rule
#  Implicit rule search has not been done.
#  Modification time never checked.
#  File has not been updated.

# Not a target:
.ln:
#  Builtin rule
#  Implicit rule search has not been done.
#  Modification time never checked.
#  File has not been updated.

# Not a target:
.C:
#  Builtin rule
#  Implicit rule search has not been done.
#  Modification time never checked.
#  File has not been updated.
#  recipe to execute (built-in):
	$(LINK.C) $^ $(LOADLIBES) $(LDLIBS) -o $@

# Not a target:
.web:
#  Builtin rule
#  Implicit rule search has not been done.
#  Modification time never checked.
#  File has not been updated.

# Not a target:
.elc:
#  Builtin rule
#  Implicit rule search has not been done.
#  Modification time never checked.
#  File has not been updated.

# Not a target:
.y.ln:
#  Builtin rule
#  Implicit rule search has not been done.
#  Modification time never checked.
#  File has not been updated.
#  recipe to execute (built-in):
	$(YACC.y) $< 
	 $(LINT.c) -C$* y.tab.c 
	 $(RM) y.tab.c

# Not a target:
.l.c:
#  Builtin rule
#  Implicit rule search has not been done.
#  Modification time never checked.
#  File has not been updated.
#  recipe to execute (built-in):
	@$(RM) $@ 
	 $(LEX.l) $< > $@

# Not a target:
.sym:
#  Builtin rule
#  Implicit rule search has not been done.
#  Modification time never checked.
#  File has not been updated.

# Not a target:
.r.o:
#  Builtin rule
#  Implicit rule search has not been done.
#  Modification time never checked.
#  File has not been updated.
#  recipe to execute (built-in):
	$(COMPILE.r) $(OUTPUT_OPTION) $<

# Not a target:
.mod:
#  Builtin rule
#  Implicit rule search has not been done.
#  Modification time never checked.
#  File has not been updated.
#  recipe to execute (built-in):
	$(COMPILE.mod) -o $@ -e $@ $^

# Not a target:
.def:
#  Builtin rule
#  Implicit rule search has not been done.
#  Modification time never checked.
#  File has not been updated.

# Not a target:
.S:
#  Builtin rule
#  Implicit rule search has not been done.
#  Modification time never checked.
#  File has not been updated.
#  recipe to execute (built-in):
	$(LINK.S) $^ $(LOADLIBES) $(LDLIBS) -o $@

# Not a target:
.texi.dvi:
#  Builtin rule
#  Implicit rule search has not been done.
#  Modification time never checked.
#  File has not been updated.
#  recipe to execute (built-in):
	$(TEXI2DVI) $(TEXI2DVI_FLAGS) $<

# Not a target:
.txinfo.dvi:
#  Builtin rule
#  Implicit rule search has not been done.
#  Modification time never checked.
#  File has not been updated.
#  recipe to execute (built-in):
	$(TEXI2DVI) $(TEXI2DVI_FLAGS) $<

# Not a target:
.y.c:
#  Builtin rule
#  Implicit rule search has not been done.
#  Modification time never checked.
#  File has not been updated.
#  recipe to execute (built-in):
	$(YACC.y) $< 
	 mv -f y.tab.c $@

# Not a target:
.cpp.o:
#  Builtin rule
#  Implicit rule search has not been done.
#  Modification time never checked.
#  File has not been updated.
#  recipe to execute (built-in):
	$(COMPILE.cpp) $(OUTPUT_OPTION) $<

# Not a target:
.el:
#  Builtin rule
#  Implicit rule search has not been done.
#  Modification time never checked.
#  File has not been updated.

# Not a target:
.cc:
#  Builtin rule
#  Implicit rule search has not been done.
#  Modification time never checked.
#  File has not been updated.
#  recipe to execute (built-in):
	$(LINK.cc) $^ $(LOADLIBES) $(LDLIBS) -o $@

# Not a target:
.tex:
#  Builtin rule
#  Implicit rule search has not been done.
#  Modification time never checked.
#  File has not been updated.

# Not a target:
.m:
#  Builtin rule
#  Implicit rule search has not been done.
#  Modification time never checked.
#  File has not been updated.
#  recipe to execute (built-in):
	$(LINK.m) $^ $(LOADLIBES) $(LDLIBS) -o $@

# Not a target:
.F:
#  Builtin rule
#  Implicit rule search has not been done.
#  Modification time never checked.
#  File has not been updated.
#  recipe to execute (built-in):
	$(LINK.F) $^ $(LOADLIBES) $(LDLIBS) -o $@

# Not a target:
.web.tex:
#  Builtin rule
#  Implicit rule search has not been done.
#  Modification time never checked.
#  File has not been updated.
#  recipe to execute (built-in):
	$(WEAVE) $<

# Not a target:
.texinfo.info:
#  Builtin rule
#  Implicit rule search has not been done.
#  Modification time never checked.
#  File has not been updated.
#  recipe to execute (built-in):
	$(MAKEINFO) $(MAKEINFO_FLAGS) $< -o $@

# Not a target:
.ym.m:
#  Builtin rule
#  Implicit rule search has not been done.
#  Modification time never checked.
#  File has not been updated.
#  recipe to execute (built-in):
	$(YACC.m) $< 
	 mv -f y.tab.c $@

# Not a target:
.l:
#  Builtin rule
#  Implicit rule search has not been done.
#  Modification time never checked.
#  File has not been updated.

# Not a target:
.f:
#  Builtin rule
#  Implicit rule search has not been done.
#  Modification time never checked.
#  File has not been updated.
#  recipe to execute (built-in):
	$(LINK.f) $^ $(LOADLIBES) $(LDLIBS) -o $@

# Not a target:
.texi:
#  Builtin rule
#  Implicit rule search has not been done.
#  Modification time never checked.
#  File has not been updated.

dummy_for_database_reading: all
#  Command line target.
#  Implicit rule search has been done.
#  File does not exist.
#  File has been updated.
#  Successfully updated.
# variable set hash-table stats:
# Load=0/32=0%, Rehash=0, Collisions=0/11=0%

# Not a target:
.DEFAULT:
#  Implicit rule search has not been done.
#  Modification time never checked.
#  File has not been updated.

# Not a target:
.r:
#  Builtin rule
#  Implicit rule search has not been done.
#  Modification time never checked.
#  File has not been updated.
#  recipe to execute (built-in):
	$(LINK.r) $^ $(LOADLIBES) $(LDLIBS) -o $@

# Not a target:
.a:
#  Builtin rule
#  Implicit rule search has not been done.
#  Modification time never checked.
#  File has not been updated.

all:
#  Implicit rule search has not been done.
#  Implicit/static pattern stem: ''
#  File does not exist.
#  File has been updated.
#  Successfully updated.
# automatic
# @ := all
# automatic
# * := 
# automatic
# < := 
# automatic
# + := 
# automatic
# % := 
# automatic
# ^ := 
# automatic
# ? := 
# automatic
# | := 
# variable set hash-table stats:
# Load=8/32=25%, Rehash=0, Collisions=2/19=11%
#  recipe to execute (from '../external_lib.mk', line 4):
	echo MAKEFLAGS w/o w: $(MAKEFLAGS)
	export MAKEFLAGS=-w && $(MAKE) --directory=$(CURDIR) --file=../external_lib.mk $(MAKECMDGOALS)

# Not a target:
.w.tex:
#  Builtin rule
#  Implicit rule search has not been done.
#  Modification time never checked.
#  File has not been updated.
#  recipe to execute (built-in):
	$(CWEAVE) $< - $@

# Not a target:
.s.o:
#  Builtin rule
#  Implicit rule search has not been done.
#  Modification time never checked.
#  File has not been updated.
#  recipe to execute (built-in):
	$(COMPILE.s) -o $@ $<

# Not a target:
.txinfo:
#  Builtin rule
#  Implicit rule search has not been done.
#  Modification time never checked.
#  File has not been updated.

# Not a target:
.c.ln:
#  Builtin rule
#  Implicit rule search has not been done.
#  Modification time never checked.
#  File has not been updated.
#  recipe to execute (built-in):
	$(LINT.c) -C$* $<

# Not a target:
.tex.dvi:
#  Builtin rule
#  Implicit rule search has not been done.
#  Modification time never checked.
#  File has not been updated.
#  recipe to execute (built-in):
	$(TEX) $<

# Not a target:
.info:
#  Builtin rule
#  Implicit rule search has not been done.
#  Modification time never checked.
#  File has not been updated.

# Not a target:
.out:
#  Builtin rule
#  Implicit rule search has not been done.
#  Modification time never checked.
#  File has not been updated.

# Not a target:
.texinfo.dvi:
#  Builtin rule
#  Implicit rule search has not been done.
#  Modification time never checked.
#  File has not been updated.
#  recipe to execute (built-in):
	$(TEXI2DVI) $(TEXI2DVI_FLAGS) $<

# Not a target:
.F.o:
#  Builtin rule
#  Implicit rule search has not been done.
#  Modification time never checked.
#  File has not been updated.
#  recipe to execute (built-in):
	$(COMPILE.F) $(OUTPUT_OPTION) $<

# Not a target:
.yl:
#  Builtin rule
#  Implicit rule search has not been done.
#  Modification time never checked.
#  File has not been updated.

# Not a target:
.s:
#  Builtin rule
#  Implicit rule search has not been done.
#  Modification time never checked.
#  File has not been updated.
#  recipe to execute (built-in):
	$(LINK.s) $^ $(LOADLIBES) $(LDLIBS) -o $@

# Not a target:
.S.o:
#  Builtin rule
#  Implicit rule search has not been done.
#  Modification time never checked.
#  File has not been updated.
#  recipe to execute (built-in):
	$(COMPILE.S) -o $@ $<

# Not a target:
.o:
#  Builtin rule
#  Implicit rule search has not been done.
#  Modification time never checked.
#  File has not been updated.
#  recipe to execute (built-in):
	$(LINK.o) $^ $(LOADLIBES) $(LDLIBS) -o $@

# Not a target:
.C.o:
#  Builtin rule
#  Implicit rule search has not been done.
#  Modification time never checked.
#  File has not been updated.
#  recipe to execute (built-in):
	$(COMPILE.C) $(OUTPUT_OPTION) $<

# Not a target:
.c:
#  Builtin rule
#  Implicit rule search has not been done.
#  Modification time never checked.
#  File has not been updated.
#  recipe to execute (built-in):
	$(LINK.c) $^ $(LOADLIBES) $(LDLIBS) -o $@

# Not a target:
.txinfo.info:
#  Builtin rule
#  Implicit rule search has not been done.
#  Modification time never checked.
#  File has not been updated.
#  recipe to execute (built-in):
	$(MAKEINFO) $(MAKEINFO_FLAGS) $< -o $@

# Not a target:
.texi.info:
#  Builtin rule
#  Implicit rule search has not been done.
#  Modification time never checked.
#  File has not been updated.
#  recipe to execute (built-in):
	$(MAKEINFO) $(MAKEINFO_FLAGS) $< -o $@

# Not a target:
.y:
#  Builtin rule
#  Implicit rule search has not been done.
#  Modification time never checked.
#  File has not been updated.

# Not a target:
.l.r:
#  Builtin rule
#  Implicit rule search has not been done.
#  Modification time never checked.
#  File has not been updated.
#  recipe to execute (built-in):
	$(LEX.l) $< > $@ 
	 mv -f lex.yy.r $@

# Not a target:
.p:
#  Builtin rule
#  Implicit rule search has not been done.
#  Modification time never checked.
#  File has not been updated.
#  recipe to execute (built-in):
	$(LINK.p) $^ $(LOADLIBES) $(LDLIBS) -o $@

# Not a target:
.l.ln:
#  Builtin rule
#  Implicit rule search has not been done.
#  Modification time never checked.
#  File has not been updated.
#  recipe to execute (built-in):
	@$(RM) $*.c
	 $(LEX.l) $< > $*.c
	$(LINT.c) -i $*.c -o $@
	 $(RM) $*.c

# Not a target:
.w:
#  Builtin rule
#  Implicit rule search has not been done.
#  Modification time never checked.
#  File has not been updated.

# Not a target:
.SUFFIXES: .out .a .ln .o .c .cc .C .cpp .p .f .F .m .r .y .l .ym .yl .s .S .mod .sym .def .h .info .dvi .tex .texinfo .texi .txinfo .w .ch .web .sh .elc .el
#  Implicit rule search has not been done.
#  Modification time never checked.
#  File has not been updated.

# Not a target:
.mod.o:
#  Builtin rule
#  Implicit rule search has not been done.
#  Modification time never checked.
#  File has not been updated.
#  recipe to execute (built-in):
	$(COMPILE.mod) -o $@ $<

# Not a target:
.web.p:
#  Builtin rule
#  Implicit rule search has not been done.
#  Modification time never checked.
#  File has not been updated.
#  recipe to execute (built-in):
	$(TANGLE) $<

# Not a target:
.S.s:
#  Builtin rule
#  Implicit rule search has not been done.
#  Modification time never checked.
#  File has not been updated.
#  recipe to execute (built-in):
	$(PREPROCESS.S) $< > $@

# Not a target:
.f.o:
#  Builtin rule
#  Implicit rule search has not been done.
#  Modification time never checked.
#  File has not been updated.
#  recipe to execute (built-in):
	$(COMPILE.f) $(OUTPUT_OPTION) $<

# Not a target:
../external_lib.mk:
#  Implicit rule search has been done.
#  Last modified 2022-09-12 19:12:36.4977476
#  File has been updated.
#  Successfully updated.

# Not a target:
.ym:
#  Builtin rule
#  Implicit rule search has not been done.
#  Modification time never checked.
#  File has not been updated.

# Not a target:
.cc.o:
#  Builtin rule
#  Implicit rule search has not been done.
#  Modification time never checked.
#  File has not been updated.
#  recipe to execute (built-in):
	$(COMPILE.cc) $(OUTPUT_OPTION) $<

# Not a target:
.F.f:
#  Builtin rule
#  Implicit rule search has not been done.
#  Modification time never checked.
#  File has not been updated.
#  recipe to execute (built-in):
	$(PREPROCESS.F) $(OUTPUT_OPTION) $<

# Not a target:
.w.c:
#  Builtin rule
#  Implicit rule search has not been done.
#  Modification time never checked.
#  File has not been updated.
#  recipe to execute (built-in):
	$(CTANGLE) $< - $@

# files hash-table stats:
# Load=75/1024=7%, Rehash=0, Collisions=123/1635=8%
# VPATH Search Paths

# No 'vpath' search paths.

# No general ('VPATH' variable) search path.

# strcache buffers: 1 (0) / strings = 389 / storage = 8086 B / avg = 20 B
# current buf: size = 8162 B / used = 8086 B / count = 389 / avg = 20 B

# strcache performance: lookups = 639 / hit rate = 39%
# hash-table stats:
# Load=389/8192=5%, Rehash=0, Collisions=11/639=2%
# Finished Make data base on Mon Sep 12 19:12:38 2022

# make: Leaving directory '/home/five35/working/node-gyp-repro/deps/external_lib'
